// Jest Snapshot v1, https://goo.gl/fbAQLP

exports[`Component - App should render with spinner 1`] = `
<DocumentFragment>
  <div
    class="MuiBox-root MuiBox-root"
    data-testid="app"
  >
    <div
      class="MuiContainer-root MuiContainer-maxWidthMd"
    >
      <header
        class="MuiPaper-root MuiAppBar-root MuiAppBar-positionStatic MuiAppBar-colorSecondary MuiPaper-elevation4"
      >
        <div
          class="MuiToolbar-root MuiToolbar-dense MuiToolbar-gutters"
        >
          <h1
            class="MuiTypography-root MuiTypography-h5"
          >
            Netdata Test
          </h1>
        </div>
      </header>
      <div
        class="MuiBox-root MuiBox-root"
      >
        <nav
          aria-label="pagination navigation"
          class="MuiPagination-root"
          data-testid="coin-list-pagination"
        >
          <ul
            class="MuiPagination-ul"
          >
            <li>
              <button
                aria-label="Go to previous page"
                class="MuiButtonBase-root MuiPaginationItem-root MuiPaginationItem-page MuiPaginationItem-textSecondary MuiPaginationItem-disabled MuiPaginationItem-sizeLarge MuiButtonBase-disabled"
                disabled=""
                tabindex="-1"
                type="button"
              >
                <svg
                  aria-hidden="true"
                  class="MuiSvgIcon-root MuiPaginationItem-icon"
                  focusable="false"
                  viewBox="0 0 24 24"
                >
                  <path
                    d="M15.41 7.41L14 6l-6 6 6 6 1.41-1.41L10.83 12z"
                  />
                </svg>
              </button>
            </li>
            <li>
              <button
                aria-current="true"
                aria-label="page 1"
                class="MuiButtonBase-root MuiPaginationItem-root MuiPaginationItem-page MuiPaginationItem-textSecondary MuiPaginationItem-selected MuiPaginationItem-sizeLarge"
                tabindex="0"
                type="button"
              >
                1
                <span
                  class="MuiTouchRipple-root"
                />
              </button>
            </li>
            <li>
              <button
                aria-label="Go to page 2"
                class="MuiButtonBase-root MuiPaginationItem-root MuiPaginationItem-page MuiPaginationItem-textSecondary MuiPaginationItem-sizeLarge"
                tabindex="0"
                type="button"
              >
                2
                <span
                  class="MuiTouchRipple-root"
                />
              </button>
            </li>
            <li>
              <button
                aria-label="Go to page 3"
                class="MuiButtonBase-root MuiPaginationItem-root MuiPaginationItem-page MuiPaginationItem-textSecondary MuiPaginationItem-sizeLarge"
                tabindex="0"
                type="button"
              >
                3
                <span
                  class="MuiTouchRipple-root"
                />
              </button>
            </li>
            <li>
              <div
                class="MuiPaginationItem-root MuiPaginationItem-ellipsis MuiPaginationItem-sizeLarge"
              >
                â€¦
              </div>
            </li>
            <li>
              <button
                aria-label="Go to page 10"
                class="MuiButtonBase-root MuiPaginationItem-root MuiPaginationItem-page MuiPaginationItem-textSecondary MuiPaginationItem-sizeLarge"
                tabindex="0"
                type="button"
              >
                10
                <span
                  class="MuiTouchRipple-root"
                />
              </button>
            </li>
            <li>
              <button
                aria-label="Go to next page"
                class="MuiButtonBase-root MuiPaginationItem-root MuiPaginationItem-page MuiPaginationItem-textSecondary MuiPaginationItem-sizeLarge"
                tabindex="0"
                type="button"
              >
                <svg
                  aria-hidden="true"
                  class="MuiSvgIcon-root MuiPaginationItem-icon"
                  focusable="false"
                  viewBox="0 0 24 24"
                >
                  <path
                    d="M10 6L8.59 7.41 13.17 12l-4.58 4.59L10 18l6-6z"
                  />
                </svg>
                <span
                  class="MuiTouchRipple-root"
                />
              </button>
            </li>
          </ul>
        </nav>
        <div
          class="MuiBox-root MuiBox-root"
        >
          <div
            class="MuiCircularProgress-root MuiCircularProgress-colorPrimary MuiCircularProgress-indeterminate"
            role="progressbar"
            style="width: 40px; height: 40px;"
          >
            <svg
              class="MuiCircularProgress-svg"
              viewBox="22 22 44 44"
            >
              <circle
                class="MuiCircularProgress-circle MuiCircularProgress-circleIndeterminate"
                cx="44"
                cy="44"
                fill="none"
                r="20.2"
                stroke-width="3.6"
              />
            </svg>
          </div>
        </div>
      </div>
    </div>
  </div>
</DocumentFragment>
`;
